
2026-09-03 17:49:41.914878 UTC: this is a message 2026-09-03 17:49:41.914679 UTC
2026-09-03 17:50:17.184546 UTC: this is a message 2026-09-03 17:50:17.184445 UTC
2026-09-03 17:52:39.613700 UTC: this is a message 2026-09-03 17:52:39.613600 UTC
2026-09-04 03:54:43.356866 UTC: this is a message 2026-09-04 03:54:43.356756 UTC
2026-09-04 04:56:02.049302 UTC: this is a message 2026-09-04 04:56:02.049228 UTC
2026-09-04 05:02:51.112233 UTC: this is a message 2026-09-04 05:02:51 UTC
2026-09-04 05:09:18.623753 UTC: this is a message 2026-09-04 05:09:18.623678 UTC
2026-09-04 05:20:56.503461 UTC: this is a message 2026-09-04 05:20:56.503350 UTC
2026-09-04 21:57:05.679471 UTC: this is a message 2026-09-04 21:57:05.679399 UTC
2026-09-04 22:21:39.317919 UTC: this is a message 2026-09-04 22:21:39.317002 UTC
2026-09-04 22:22:03.559824 UTC: this is a message 2026-09-04 22:22:03.559716 UTC
2026-09-04 22:29:54.711601 UTC: this is a message 2026-09-04 22:29:54.711354 UTC
2026-09-04 22:38:54.179109 UTC: this is a message 2026-09-04 22:38:54.179022 UTC
2026-09-04 22:40:27.540945 UTC: this is a message 2026-09-04 22:40:27.540840 UTC
2026-09-08 16:44:09.600243 UTC: this is a message 2026-09-08 16:44:09.600145 UTC
2026-09-09 16:18:19.790665 UTC: this is a message 2026-09-09 16:18:19.788521 UTC
2026-09-09 16:35:37.224104 UTC: this is a message 2026-09-09 16:35:37.223999 UTC
2026-09-10 19:56:56.095149 UTC: this is a message 2026-09-10 19:56:56.094474 UTC
2026-09-11 01:35:42.621175 UTC: this is a message 2026-09-11 01:35:42.620594 UTC
2026-09-11 17:40:01.078096 UTC: this is a message 2026-09-11 17:40:01.077957 UTC
2026-09-11 23:12:42.557076 UTC: this is a message 2026-09-11 23:12:42.556992 UTC
2026-09-11 23:24:19.199942 UTC: this is a message 2026-09-11 23:24:19.199818 UTC
2026-09-11 23:24:34.532752 UTC: this is a message 2026-09-11 23:24:34.532645 UTC
2026-09-12 02:28:07.731074 UTC: this is a message 2026-09-12 02:28:07.730965 UTC
2026-09-14 19:43:33.087630 UTC: this is a message 2026-09-14 19:43:33.087529 UTC
2026-09-14 19:44:28.504640 UTC: this is a message 2026-09-14 19:44:28.504547 UTC
2026-09-14 19:48:46.952833 UTC: this is a message 2026-09-14 19:48:46.952728 UTC
2026-09-14 19:50:28.573018 UTC: this is a message 2026-09-14 19:50:28.572945 UTC
2026-09-14 19:56:38.982202 UTC: this is a message 2026-09-14 19:56:38.982100 UTC
2026-09-14 21:16:47.629083 UTC: this is a message 2026-09-14 21:16:47.628959 UTC
2026-09-15 04:11:10.041776 UTC: this is a message 2026-09-15 04:11:10.041701 UTC
2026-09-15 04:13:38.890299 UTC: this is a message 2026-09-15 04:13:38.890184 UTC
2026-09-15 04:19:17.906685 UTC: this is a message 2026-09-15 04:19:17.906571 UTC
2026-09-15 14:47:48.003077 UTC: this is a message 2026-09-15 14:47:48.003010 UTC
2026-09-15 15:12:24.519760 UTC: this is a message 2026-09-15 15:12:24.519652 UTC
2026-09-15 15:17:09.001435 UTC: this is a message 2026-09-15 15:17:09.001297 UTC
2026-09-15 15:22:00.633935 UTC: this is a message 2026-09-15 15:22:00.633835 UTC
2026-09-15 16:36:46.569185 UTC: this is a message 2026-09-15 16:36:46.569103 UTC
2026-09-15 16:45:11.727615 UTC: this is a message 2026-09-15 16:45:11.727540 UTC
2026-09-15 17:01:23.151765 UTC: this is a message 2026-09-15 17:01:23.151666 UTC
2026-09-15 17:46:17.912642 UTC: this is a message 2026-09-15 17:46:17.912537 UTC
2026-09-15 18:31:30.760374 UTC: this is a message 2026-09-15 18:31:30.760260 UTC
2026-09-16 00:22:03.746990 UTC: this is a message 2026-09-16 00:22:03.746458 UTC
2026-09-16 00:22:19.576814 UTC: this is a message 2026-09-16 00:22:19.576711 UTC
2026-09-16 00:32:51.955191 UTC: this is a message 2026-09-16 00:32:51.955116 UTC
2026-09-16 00:35:30.118768 UTC: this is a message 2026-09-16 00:35:30.118691 UTC
2026-09-16 00:56:14.003033 UTC: this is a message 2026-09-16 00:56:14.002924 UTC
2026-09-16 01:06:51.311161 UTC: this is a message 2026-09-16 01:06:51.311036 UTC
2026-09-16 01:08:46.988610 UTC: this is a message 2026-09-16 01:08:46.988493 UTC
2026-09-16 01:10:14.861854 UTC: this is a message 2026-09-16 01:10:14.861748 UTC
2026-09-16 01:12:05.273752 UTC: this is a message 2026-09-16 01:12:05.273675 UTC
2026-09-16 01:14:16.775009 UTC: this is a message 2026-09-16 01:14:16.774882 UTC
2026-09-16 01:15:32.995802 UTC: this is a message 2026-09-16 01:15:32.995681 UTC
2026-09-16 01:17:36.931657 UTC: this is a message 2026-09-16 01:17:36.931527 UTC
2026-09-16 01:18:52.090550 UTC: this is a message 2026-09-16 01:18:52.090451 UTC
2026-09-16 01:20:37.039314 UTC: this is a message 2026-09-16 01:20:37.039211 UTC
2026-09-16 01:21:49.633319 UTC: this is a message 2026-09-16 01:21:49.633215 UTC
2026-09-16 01:22:14.404384 UTC: this is a message 2026-09-16 01:22:14.404276 UTC
2026-09-16 01:22:51.993174 UTC: this is a message 2026-09-16 01:22:51.993076 UTC
2026-09-16 02:56:20.293328 UTC: this is a message 2026-09-16 02:56:20.293244 UTC
2026-09-16 02:57:07.411419 UTC: this is a message 2026-09-16 02:57:07.411347 UTC
2026-09-16 14:48:16.220255 UTC: this is a message 2026-09-16 14:48:16.220083 UTC
2026-09-16 15:14:27.557067 UTC: this is a message 2026-09-16 15:14:27.556965 UTC
2026-09-16 15:15:15.424461 UTC: this is a message 2026-09-16 15:15:15.424333 UTC
2026-09-16 17:48:48.891901 UTC: this is a message 2026-09-16 17:48:48.890818 UTC
2026-09-16 17:52:05.874081 UTC: this is a message 2026-09-16 17:52:05.873942 UTC
2026-09-16 18:02:28.334976 UTC: this is a message 2026-09-16 18:02:28.334877 UTC
2026-09-16 20:51:05.250915 UTC: this is a message 2026-09-16 20:51:05.250788 UTC
2026-09-16 21:56:12.887610 UTC: this is a message 2026-09-16 21:56:12.887497 UTC
2026-09-16 22:22:25.857278 UTC: this is a message 2026-09-16 22:22:25.857181 UTC
2026-09-16 22:25:40.155332 UTC: this is a message 2026-09-16 22:25:40.155212 UTC
2026-09-16 22:29:12.904023 UTC: this is a message 2026-09-16 22:29:12.903902 UTC
2026-09-16 22:32:35.382819 UTC: this is a message 2026-09-16 22:32:35.382720 UTC
2026-09-16 22:36:10.416137 UTC: this is a message 2026-09-16 22:36:10.415963 UTC
2026-09-16 22:39:33.692864 UTC: this is a message 2026-09-16 22:39:33.692753 UTC
2026-09-16 22:52:34.591495 UTC: this is a message 2026-09-16 22:52:34.591419 UTC
2026-09-17 00:05:52.296379 UTC: this is a message 2026-09-17 00:05:52.296264 UTC
2026-09-17 00:20:55.003035 UTC: this is a message 2026-09-17 00:20:55.002944 UTC
2026-09-17 13:27:37.235918 UTC: this is a message 2026-09-17 13:27:37.235829 UTC
2026-09-17 13:58:56.058499 UTC: this is a message 2026-09-17 13:58:56.058368 UTC
2026-09-17 14:02:33.360825 UTC: this is a message 2026-09-17 14:02:33.360667 UTC
2026-09-17 16:42:52.730868 UTC: this is a message 2026-09-17 16:42:52.730714 UTC
2026-09-17 16:50:08.617498 UTC: this is a message 2026-09-17 16:50:08.617371 UTC
2026-09-17 19:40:19.116771 UTC: this is a message 2026-09-17 19:40:19.116663 UTC
2026-09-17 19:56:14.204877 UTC: this is a message 2026-09-17 19:56:14.204777 UTC
2026-09-17 20:02:06.097186 UTC: this is a message 2026-09-17 20:02:06.097104 UTC
2026-09-17 20:08:00.613446 UTC: this is a message 2026-09-17 20:08:00.613326 UTC
2026-09-17 20:41:03.116081 UTC: this is a message 2026-09-17 20:41:03.115903 UTC
2026-09-17 20:47:19.864519 UTC: this is a message 2026-09-17 20:47:19.864403 UTC
2026-09-17 20:51:47.555296 UTC: this is a message 2026-09-17 20:51:47.555182 UTC
2026-09-17 21:00:09.407381 UTC: this is a message 2026-09-17 21:00:09.407004 UTC
2026-09-17 21:08:54.256789 UTC: this is a message 2026-09-17 21:08:54.256622 UTC
2026-09-17 22:14:40.488019 UTC: this is a message 2026-09-17 22:14:40.487906 UTC
2026-09-17 22:49:04.238160 UTC: this is a message 2026-09-17 22:49:04.238004 UTC
2026-09-17 22:55:42.398416 UTC: this is a message 2026-09-17 22:55:42.398329 UTC
2026-09-18 03:35:11.184282 UTC: this is a message 2026-09-18 03:35:11.184127 UTC
2026-09-18 03:40:38.966261 UTC: this is a message 2026-09-18 03:40:38.966171 UTC
2026-09-18 03:58:02.309253 UTC: this is a message 2026-09-18 03:58:02.309049 UTC
2026-09-18 04:03:47.172854 UTC: this is a message 2026-09-18 04:03:47.172731 UTC
2026-09-18 04:09:06.951219 UTC: this is a message 2026-09-18 04:09:06.951101 UTC
2026-09-18 04:18:42.698734 UTC: this is a message 2026-09-18 04:18:42.698603 UTC
2026-09-18 04:35:59.627040 UTC: this is a message 2026-09-18 04:35:59.626970 UTC
2026-09-18 04:43:32.249792 UTC: this is a message 2026-09-18 04:43:32.249659 UTC
2026-09-18 04:56:22.103392 UTC: this is a message 2026-09-18 04:56:22.103170 UTC
2026-09-18 14:26:50.465503 UTC: this is a message 2026-09-18 14:26:50.465411 UTC
2026-09-18 14:45:24.479284 UTC: this is a message 2026-09-18 14:45:24.479211 UTC
2026-09-18 14:50:56.260066 UTC: this is a message 2026-09-18 14:50:56.259938 UTC
2026-09-18 14:58:37.514901 UTC: this is a message 2026-09-18 14:58:37.514775 UTC
2026-09-18 15:05:03.617786 UTC: this is a message 2026-09-18 15:05:03.617638 UTC
2026-09-18 15:12:27.763707 UTC: this is a message 2026-09-18 15:12:27.763594 UTC
2026-09-18 19:53:58.901276 UTC: this is a message 2026-09-18 19:53:58.901158 UTC
2026-09-18 22:35:07.390849 UTC: this is a message 2026-09-18 22:35:07.390773 UTC
2026-09-20 20:10:37.216995 UTC: this is a message 2026-09-20 20:10:37.216846 UTC
2026-09-20 21:00:44.212701 UTC: this is a message 2026-09-20 21:00:44.212594 UTC
2026-09-20 21:10:43.601823 UTC: this is a message 2026-09-20 21:10:43.601685 UTC
2026-09-20 21:42:43.455294 UTC: this is a message 2026-09-20 21:42:43.455182 UTC
2026-09-20 21:47:42.483822 UTC: this is a message 2026-09-20 21:47:42.483741 UTC
2026-09-20 22:02:19.357571 UTC: this is a message 2026-09-20 22:02:19.357465 UTC
2026-09-20 22:16:03.642358 UTC: this is a message 2026-09-20 22:16:03.642256 UTC
2026-09-20 22:23:04.963297 UTC: this is a message 2026-09-20 22:23:04.963194 UTC
2026-09-21 04:00:25.817426 UTC: this is a message 2026-09-21 04:00:25.817295 UTC
2026-09-21 16:13:02.777072 UTC: this is a message 2026-09-21 16:13:02.776958 UTC
2026-09-21 21:26:37.907645 UTC: this is a message 2026-09-21 21:26:37.907503 UTC
2026-09-21 21:32:39.034655 UTC: this is a message 2026-09-21 21:32:39.034546 UTC
2026-09-21 21:45:10.062098 UTC: this is a message 2026-09-21 21:45:10.061998 UTC
2026-09-21 21:53:03.731444 UTC: this is a message 2026-09-21 21:53:03.731307 UTC
2026-09-22 03:04:43.078501 UTC: this is a message 2026-09-22 03:04:43.078385 UTC
2026-09-22 20:03:39.474125 UTC: this is a message 2026-09-22 20:03:39.474045 UTC
2026-09-22 20:19:21.889345 UTC: this is a message 2026-09-22 20:19:21.889230 UTC
2026-09-22 22:33:39.743454 UTC: this is a message 2026-09-22 22:33:39.743323 UTC
2026-09-22 23:51:38.116440 UTC: this is a message 2026-09-22 23:51:38.116305 UTC
2026-09-23 02:45:23.049064 UTC: this is a message 2026-09-23 02:45:23.048956 UTC
2026-09-23 02:51:51.628479 UTC: this is a message 2026-09-23 02:51:51.628374 UTC
2026-09-23 02:57:08.883111 UTC: this is a message 2026-09-23 02:57:08.883017 UTC
2026-09-23 03:01:11.910912 UTC: this is a message 2026-09-23 03:01:11.910825 UTC
2026-09-23 03:49:12.733718 UTC: this is a message 2026-09-23 03:49:12.733637 UTC
2026-09-23 03:57:31.878140 UTC: this is a message 2026-09-23 03:57:31.878006 UTC
2026-09-23 04:05:59.818464 UTC: this is a message 2026-09-23 04:05:59.818325 UTC
2026-09-23 04:16:12.482346 UTC: this is a message 2026-09-23 04:16:12.482200 UTC
2026-09-23 04:20:50.738877 UTC: this is a message 2026-09-23 04:20:50.738777 UTC
2026-09-23 14:11:24.444508 UTC: this is a message 2026-09-23 14:11:24.444326 UTC
2026-09-23 14:33:47.247730 UTC: this is a message 2026-09-23 14:33:47.247604 UTC
2026-09-23 14:54:39.660354 UTC: this is a message 2026-09-23 14:54:39.659735 UTC
2026-09-23 15:00:35.597189 UTC: this is a message 2026-09-23 15:00:35.597112 UTC
2026-09-23 15:01:38.659362 UTC: this is a message 2026-09-23 15:01:38.659231 UTC
2026-09-23 15:02:50.836508 UTC: this is a message 2026-09-23 15:02:50.836372 UTC
2026-09-23 15:16:14.172511 UTC: this is a message 2026-09-23 15:16:14.172383 UTC
2026-09-23 16:21:48.451784 UTC: this is a message 2026-09-23 16:21:48.451669 UTC
2026-09-23 16:22:28.298940 UTC: this is a message 2026-09-23 16:22:28.298821 UTC
2026-09-23 16:22:46.707341 UTC: this is a message 2026-09-23 16:22:46.707207 UTC
2026-09-23 16:55:40.381051 UTC: this is a message 2026-09-23 16:55:40.380949 UTC
2026-09-23 17:40:11.898559 UTC: this is a message 2026-09-23 17:40:11.898451 UTC
2026-09-23 17:40:35.342730 UTC: this is a message 2026-09-23 17:40:35.342599 UTC
2026-09-23 17:41:06.300724 UTC: this is a message 2026-09-23 17:41:06.300599 UTC
2026-09-23 17:41:24.758465 UTC: this is a message 2026-09-23 17:41:24.758319 UTC
2026-09-23 17:41:42.723801 UTC: this is a message 2026-09-23 17:41:42.723697 UTC
2026-09-23 17:42:11.719064 UTC: this is a message 2026-09-23 17:42:11.718953 UTC
2026-09-23 18:10:48.809009 UTC: this is a message 2026-09-23 18:10:48.808896 UTC
2026-09-23 19:07:12.453912 UTC: this is a message 2026-09-23 19:07:12.453803 UTC
2026-09-23 20:48:24.060411 UTC: this is a message 2026-09-23 20:48:24.060288 UTC
2026-09-24 03:12:01.050820 UTC: this is a message 2026-09-24 03:12:01.050737 UTC
2026-09-24 13:29:36.184333 UTC: this is a message 2026-09-24 13:29:36.184197 UTC
2026-09-25 02:51:57.936024 UTC: this is a message 2026-09-25 02:51:57.935906 UTC
2026-09-25 02:53:11.312321 UTC: this is a message 2026-09-25 02:53:11.312220 UTC
2026-09-25 13:24:55.904576 UTC: this is a message 2026-09-25 13:24:55.904118 UTC
2026-09-25 13:26:10.036975 UTC: this is a message 2026-09-25 13:26:10.036851 UTC
2026-09-25 13:41:49.156825 UTC: this is a message 2026-09-25 13:41:49.156684 UTC
2026-09-25 17:13:03.327829 UTC: this is a message 2026-09-25 17:13:03.327715 UTC
2026-09-25 17:13:33.162104 UTC: this is a message 2026-09-25 17:13:33.161992 UTC
2026-09-25 18:04:34.386278 UTC: this is a message 2026-09-25 18:04:34.386155 UTC
2026-09-26 17:29:55.232510 UTC: this is a message 2026-09-26 17:29:55.232422 UTC
2026-09-26 17:34:15.953915 UTC: this is a message 2026-09-26 17:34:15.953832 UTC
2026-09-26 17:54:45.077724 UTC: this is a message 2026-09-26 17:54:45.077646 UTC
2026-09-26 19:47:25.046461 UTC: this is a message 2026-09-26 19:47:25.046314 UTC
2026-09-26 20:10:37.672953 UTC: this is a message 2026-09-26 20:10:37.672840 UTC
2026-09-26 20:11:14.373034 UTC: this is a message 2026-09-26 20:11:14.372854 UTC
2026-09-26 21:30:03.071524 UTC: this is a message 2026-09-26 21:30:03.071407 UTC
2026-09-26 21:40:43.794542 UTC: this is a message 2026-09-26 21:40:43.794401 UTC
2026-09-28 18:40:28.224535 UTC: this is a message 2026-09-28 18:40:28.224415 UTC
2026-09-28 18:41:29.563259 UTC: this is a message 2026-09-28 18:41:29.563111 UTC
2026-09-28 18:57:09.385803 UTC: this is a message 2026-09-28 18:57:09.385703 UTC
2026-09-28 19:25:24.867081 UTC: this is a message 2026-09-28 19:25:24.866932 UTC
2026-09-28 19:58:35.857920 UTC: this is a message 2026-09-28 19:58:35.857821 UTC
2026-09-28 21:20:06.352463 UTC: this is a message 2026-09-28 21:20:06.352321 UTC
2026-09-28 21:20:38.378120 UTC: this is a message 2026-09-28 21:20:38.378001 UTC
2026-09-28 21:22:13.616885 UTC: this is a message 2026-09-28 21:22:13.616479 UTC
2026-09-28 21:38:39.332176 UTC: this is a message 2026-09-28 21:38:39.332038 UTC
2026-09-28 22:24:08.190962 UTC: this is a message 2026-09-28 22:24:08.190854 UTC
2026-09-28 23:30:34.525376 UTC: this is a message 2026-09-28 23:30:34.525285 UTC
2026-09-29 14:34:54.828372 UTC: this is a message 2026-09-29 14:34:54.828215 UTC
2026-09-29 14:35:40.727052 UTC: this is a message 2026-09-29 14:35:40.726931 UTC
2026-09-29 15:02:29.373663 UTC: this is a message 2026-09-29 15:02:29.373546 UTC
2026-09-29 17:21:21.872736 UTC: this is a message 2026-09-29 17:21:21.872630 UTC
2026-09-29 17:22:09.506333 UTC: this is a message 2026-09-29 17:22:09.506203 UTC
2026-09-29 17:25:34.052288 UTC: this is a message 2026-09-29 17:25:34.052168 UTC
2026-09-29 18:56:11.820323 UTC: this is a message 2026-09-29 18:56:11.820190 UTC
2026-09-29 20:41:12.446979 UTC: this is a message 2026-09-29 20:41:12.446850 UTC
2026-09-29 20:43:18.540957 UTC: this is a message 2026-09-29 20:43:18.540826 UTC
2026-09-29 23:10:42.035608 UTC: this is a message 2026-09-29 23:10:42.035501 UTC
2026-09-30 05:07:16.635497 UTC: this is a message 2026-09-30 05:07:16.635361 UTC
2026-09-30 05:21:10.575019 UTC: this is a message 2026-09-30 05:21:10.574923 UTC
2026-09-30 12:57:26.057056 UTC: this is a message 2026-09-30 12:57:26.056965 UTC
2026-09-30 17:36:42.323816 UTC: this is a message 2026-09-30 17:36:42.323680 UTC
2026-09-30 17:55:09.234516 UTC: this is a message 2026-09-30 17:55:09.234384 UTC
2026-09-30 17:56:20.205345 UTC: this is a message 2026-09-30 17:56:20.205232 UTC
2026-09-30 18:10:29.644143 UTC: this is a message 2026-09-30 18:10:29.644009 UTC
2026-09-30 18:13:02.785178 UTC: this is a message 2026-09-30 18:13:02.785094 UTC
2026-09-30 18:26:39.031191 UTC: this is a message 2026-09-30 18:26:39.031099 UTC
2026-10-01 00:17:17.693312 UTC: this is a message 2026-10-01 00:17:17.692699 UTC
2026-10-01 00:18:08.874818 UTC: this is a message 2026-10-01 00:18:08.874723 UTC
2026-10-01 00:18:59.246751 UTC: this is a message 2026-10-01 00:18:59.246646 UTC
2026-10-01 00:20:11.430642 UTC: this is a message 2026-10-01 00:20:11.430543 UTC
2026-10-01 01:00:26.288085 UTC: this is a message 2026-10-01 01:00:26.288021 UTC
2026-10-01 01:34:12.248226 UTC: this is a message 2026-10-01 01:34:12.248093 UTC
2026-10-01 01:34:45.278047 UTC: this is a message 2026-10-01 01:34:45.277916 UTC
2026-10-01 02:30:24.102605 UTC: this is a message 2026-10-01 02:30:24.102529 UTC
2026-10-01 11:19:23.205725 UTC: this is a message 2026-10-01 11:19:23.205653 UTC
2026-10-01 12:00:30.290405 UTC: this is a message 2026-10-01 12:00:30.290303 UTC
2026-10-01 15:56:16.519741 UTC: this is a message 2026-10-01 15:56:16.519640 UTC
2026-10-02 03:26:19.024800 UTC: this is a message 2026-10-02 03:26:19.024692 UTC
2026-10-02 03:27:28.528255 UTC: this is a message 2026-10-02 03:27:28.528165 UTC
2026-10-02 03:36:57.531580 UTC: this is a message 2026-10-02 03:36:57.531456 UTC
2026-10-02 03:37:22.158626 UTC: this is a message 2026-10-02 03:37:22.158532 UTC
2026-10-02 16:56:17.946985 UTC: this is a message 2026-10-02 16:56:17.946896 UTC
2026-10-02 18:29:45.043355 UTC: this is a message 2026-10-02 18:29:45.043232 UTC
2026-10-02 18:30:55.517833 UTC: this is a message 2026-10-02 18:30:55.517698 UTC
2026-10-02 18:31:52.085179 UTC: this is a message 2026-10-02 18:31:52.085081 UTC
2026-10-02 19:23:07.895855 UTC: this is a message 2026-10-02 19:23:07.895765 UTC
2026-10-02 20:27:20.052244 UTC: this is a message 2026-10-02 20:27:20.052116 UTC
2026-10-02 20:41:17.172324 UTC: this is a message 2026-10-02 20:41:17.172233 UTC
2026-10-02 20:42:24.620485 UTC: this is a message 2026-10-02 20:42:24.620370 UTC
2026-10-02 21:10:55.059223 UTC: this is a message 2026-10-02 21:10:55.059149 UTC